Copyright 1986-2019 Xilinx, Inc. All Rights Reserved.
----------------------------------------------------------------------------------------------
| Tool Version : Vivado v.2019.1 (win64) Build 2552052 Fri May 24 14:49:42 MDT 2019
| Date         : Tue Jan 28 13:09:26 2020
| Host         : DESKTOP-A4LOHE0 running 64-bit major release  (build 9200)
| Command      : report_control_sets -verbose -file circuit_tr_signal_control_sets_placed.rpt
| Design       : circuit_tr_signal
| Device       : xc7z010
----------------------------------------------------------------------------------------------

Control Set Information

Table of Contents
-----------------
1. Summary
2. Histogram
3. Flip-Flop Distribution
4. Detailed Control Set Information

1. Summary
----------

+----------------------------------------------------------+-------+
|                          Status                          | Count |
+----------------------------------------------------------+-------+
| Total control sets                                       |    81 |
|    Minimum number of control sets                        |    81 |
|    Addition due to synthesis replication                 |     0 |
|    Addition due to physical synthesis replication        |     0 |
| Unused register locations in slices containing registers |   152 |
+----------------------------------------------------------+-------+
* Control sets can be merged at opt_design using control_set_merge or merge_equivalent_drivers
** Run report_qor_suggestions for automated merging and remapping suggestions


2. Histogram
------------

+--------------------+-------+
|       Fanout       | Count |
+--------------------+-------+
| Total control sets |    81 |
| >= 0 to < 4        |     6 |
| >= 4 to < 6        |     2 |
| >= 6 to < 8        |     2 |
| >= 8 to < 10       |     7 |
| >= 10 to < 12      |     0 |
| >= 12 to < 14      |     4 |
| >= 14 to < 16      |     0 |
| >= 16              |    60 |
+--------------------+-------+
* Control sets can be remapped at either synth_design or opt_design


3. Flip-Flop Distribution
-------------------------

+--------------+-----------------------+------------------------+-----------------+--------------+
| Clock Enable | Synchronous Set/Reset | Asynchronous Set/Reset | Total Registers | Total Slices |
+--------------+-----------------------+------------------------+-----------------+--------------+
| No           | No                    | No                     |            3403 |         1579 |
| No           | No                    | Yes                    |             117 |           46 |
| No           | Yes                   | No                     |              36 |            9 |
| Yes          | No                    | No                     |               9 |            3 |
| Yes          | No                    | Yes                    |             139 |           44 |
| Yes          | Yes                   | No                     |              24 |            6 |
+--------------+-----------------------+------------------------+-----------------+--------------+


4. Detailed Control Set Information
-----------------------------------

+---------------------------------------------------------------------------------------------+----------------------------------------------------------------------------------+----------------------------------------------------------+------------------+----------------+
|                                         Clock Signal                                        |                                   Enable Signal                                  |                     Set/Reset Signal                     | Slice Load Count | Bel Load Count |
+---------------------------------------------------------------------------------------------+----------------------------------------------------------------------------------+----------------------------------------------------------+------------------+----------------+
|  inst_synchro/inst_gen_clk_codec/o_ac_bclk_OBUF                                             |                                                                                  |                                                          |                1 |              1 |
| ~inst_synchro/inst_gen_clk_codec/I                                                          |                                                                                  |                                                          |                1 |              1 |
|  inst_synchro/inst_synchro/PLLE2_BASE_inst_0                                                |                                                                                  | inst_init_codec/d_cfg_done                               |                1 |              1 |
|  inst_synchro/inst_synchro/PLLE2_BASE_inst_0                                                | inst_synchro/inst_synchro/inst_strb_1000Hz/d_s1000HzInt_reg[0]                   | inst_init_codec/inst_ctrl_i2c/d_write_req_i_1_n_1        |                1 |              1 |
|  inst_module_sig/inst_cal_param3/inst_MEF_fill_table/fsm_prochainEtat                       |                                                                                  |                                                          |                2 |              3 |
|  inst_synchro/inst_synchro/o_ac_mclk_OBUF                                                   |                                                                                  |                                                          |                2 |              3 |
|  inst_synchro/inst_synchro/PLLE2_BASE_inst_0                                                | inst_init_codec/inst_ctrl_i2c/d_delai_synch                                      | i_btn_IBUF[3]                                            |                1 |              4 |
|  inst_synchro/inst_synchro/PLLE2_BASE_inst_0                                                | inst_synchro/inst_synchro/inst_strb_1000Hz/d_s1000HzInt_reg[0]                   | i_btn_IBUF[3]                                            |                2 |              5 |
|  inst_synchro/inst_gen_clk_codec/o_ac_bclk_OBUF                                             |                                                                                  | inst_module_sig/inst_decod_i2s/inst_MEF_decod1b/AR[0]    |                2 |              7 |
|  inst_synchro/inst_gen_clk_codec/o_ac_bclk_OBUF                                             | inst_module_sig/inst_cod_i2s/inst_MEF_cod/FSM_onehot_fsm_EtatCourant_reg[3]_0[0] | inst_module_sig/inst_cod_i2s/inst_MEF_cod/AR[0]          |                2 |              7 |
|  inst_module_sig/inst_cal_param3/inst_MEF_compare/FSM_onehot_fsm_EtatCourant_reg_n_1_[2]    |                                                                                  |                                                          |                2 |              8 |
|  inst_module_sig/inst_cal_param3/inst_MEF_compare/o_biggest_reg[22]_i_1_n_1                 |                                                                                  |                                                          |                2 |              8 |
|  inst_synchro/inst_synchro/PLLE2_BASE_inst_0                                                | inst_module_commande/inst_cond_btn/E[0]                                          | i_btn_IBUF[3]                                            |                3 |              8 |
|  inst_synchro/inst_synchro/o_ac_mclk_OBUF                                                   |                                                                                  | inst_synchro/inst_gen_clk_codec/eqOp                     |                2 |              8 |
|  inst_synchro/inst_synchro/PLLE2_BASE_inst_0                                                | inst_init_codec/inst_ctrl_i2c/inst_i2c_master/addr_rw0                           |                                                          |                3 |              9 |
|  inst_synchro/inst_synchro/PLLE2_BASE_inst_0                                                | inst_init_codec/inst_ctrl_i2c/inst_i2c_master/busy1                              | i_btn_IBUF[3]                                            |                3 |              9 |
|  inst_synchro/inst_synchro/PLLE2_BASE_inst_0                                                | inst_synchro/inst_synchro/inst_strb_1000Hz/d_strobe_1000Hz                       | i_btn_IBUF[3]                                            |                3 |              9 |
|  inst_synchro/inst_gen_clk_codec/o_ac_bclk_OBUF                                             |                                                                                  | inst_cal_param3/compare_cpt_reset                        |                5 |             12 |
|  inst_synchro/inst_synchro/PLLE2_BASE_inst_0                                                |                                                                                  | inst_synchro/inst_synchro/eqOp1_in                       |                3 |             12 |
|  inst_synchro/inst_synchro/PLLE2_BASE_inst_0                                                | inst_synchro/inst_synchro/d_s1000HzInt                                           | inst_synchro/inst_synchro/d_s1HzInt                      |                3 |             12 |
|  inst_synchro/inst_synchro/PLLE2_BASE_inst_0                                                | inst_synchro/inst_synchro/eqOp1_in                                               | inst_synchro/inst_synchro/d_s1000HzInt                   |                3 |             12 |
|  inst_synchro/inst_synchro/PLLE2_BASE_inst_0                                                |                                                                                  | inst_afficheur/clear                                     |                4 |             16 |
|  inst_module_sig/inst_cal_param3/isnt_compteur_fill/FSM_onehot_fsm_EtatCourant_reg[0]_34[0] |                                                                                  |                                                          |               13 |             23 |
|  inst_module_sig/inst_cal_param3/isnt_compteur_fill/FSM_onehot_fsm_EtatCourant_reg[0]_29[0] |                                                                                  |                                                          |               12 |             23 |
|  inst_module_sig/inst_cal_param3/isnt_compteur_fill/FSM_onehot_fsm_EtatCourant_reg[0]_4[0]  |                                                                                  |                                                          |               23 |             23 |
|  inst_module_sig/inst_cal_param3/isnt_compteur_fill/FSM_onehot_fsm_EtatCourant_reg[0]_38[0] |                                                                                  |                                                          |               19 |             23 |
|  inst_module_sig/inst_cal_param3/isnt_compteur_fill/FSM_onehot_fsm_EtatCourant_reg[0]_9[0]  |                                                                                  |                                                          |               18 |             23 |
|  inst_module_sig/inst_cal_param3/isnt_compteur_fill/FSM_onehot_fsm_EtatCourant_reg[0]_25[0] |                                                                                  |                                                          |               17 |             23 |
|  inst_module_sig/inst_cal_param3/isnt_compteur_fill/FSM_onehot_fsm_EtatCourant_reg[0]_27[0] |                                                                                  |                                                          |               19 |             23 |
|  inst_module_sig/inst_cal_param3/isnt_compteur_fill/FSM_onehot_fsm_EtatCourant_reg[0]_36[0] |                                                                                  |                                                          |               22 |             23 |
|  inst_module_sig/inst_cal_param3/isnt_compteur_fill/FSM_onehot_fsm_EtatCourant_reg[0]_37[0] |                                                                                  |                                                          |               16 |             23 |
|  inst_module_sig/inst_cal_param3/isnt_compteur_fill/FSM_onehot_fsm_EtatCourant_reg[0]_8[0]  |                                                                                  |                                                          |               18 |             23 |
|  inst_module_sig/inst_cal_param3/isnt_compteur_fill/FSM_onehot_fsm_EtatCourant_reg[0]_19[0] |                                                                                  |                                                          |               21 |             23 |
|  inst_module_sig/inst_cal_param3/isnt_compteur_fill/FSM_onehot_fsm_EtatCourant_reg[0]_41[0] |                                                                                  |                                                          |               17 |             23 |
|  inst_module_sig/inst_cal_param3/isnt_compteur_fill/FSM_onehot_fsm_EtatCourant_reg[0]_44[0] |                                                                                  |                                                          |               16 |             23 |
|  inst_module_sig/inst_cal_param3/isnt_compteur_fill/FSM_onehot_fsm_EtatCourant_reg[0]_23[0] |                                                                                  |                                                          |               22 |             23 |
|  inst_module_sig/inst_cal_param3/isnt_compteur_fill/FSM_onehot_fsm_EtatCourant_reg[0]_39[0] |                                                                                  |                                                          |               18 |             23 |
|  inst_module_sig/inst_cal_param3/isnt_compteur_fill/FSM_onehot_fsm_EtatCourant_reg[0]_32[0] |                                                                                  |                                                          |               14 |             23 |
|  inst_module_sig/inst_cal_param3/isnt_compteur_fill/FSM_onehot_fsm_EtatCourant_reg[0]_20[0] |                                                                                  |                                                          |               21 |             23 |
|  inst_module_sig/inst_cal_param3/isnt_compteur_fill/FSM_onehot_fsm_EtatCourant_reg[0]_21[0] |                                                                                  |                                                          |               16 |             23 |
|  inst_module_sig/inst_cal_param3/isnt_compteur_fill/FSM_onehot_fsm_EtatCourant_reg[0]_2[0]  |                                                                                  |                                                          |               21 |             23 |
|  inst_module_sig/inst_cal_param3/isnt_compteur_fill/FSM_onehot_fsm_EtatCourant_reg[0]_24[0] |                                                                                  |                                                          |               18 |             23 |
|  inst_module_sig/inst_cal_param3/isnt_compteur_fill/FSM_onehot_fsm_EtatCourant_reg[0]_35[0] |                                                                                  |                                                          |               16 |             23 |
|  inst_module_sig/inst_cal_param3/isnt_compteur_fill/FSM_onehot_fsm_EtatCourant_reg[0]_42[0] |                                                                                  |                                                          |               20 |             23 |
|  inst_module_sig/inst_cal_param3/isnt_compteur_fill/FSM_onehot_fsm_EtatCourant_reg[0]_43[0] |                                                                                  |                                                          |               20 |             23 |
|  inst_module_sig/inst_cal_param3/isnt_compteur_fill/FSM_onehot_fsm_EtatCourant_reg[0]_22[0] |                                                                                  |                                                          |               19 |             23 |
|  inst_module_sig/inst_cal_param3/isnt_compteur_fill/FSM_onehot_fsm_EtatCourant_reg[0]_33[0] |                                                                                  |                                                          |               13 |             23 |
|  inst_module_sig/inst_cal_param3/isnt_compteur_fill/FSM_onehot_fsm_EtatCourant_reg[0]_18[0] |                                                                                  |                                                          |               19 |             23 |
|  inst_module_sig/inst_cal_param3/isnt_compteur_fill/FSM_onehot_fsm_EtatCourant_reg[0]_31[0] |                                                                                  |                                                          |               22 |             23 |
|  inst_module_sig/inst_cal_param3/isnt_compteur_fill/FSM_onehot_fsm_EtatCourant_reg[0]_12[0] |                                                                                  |                                                          |               19 |             23 |
|  inst_module_sig/inst_cal_param3/inst_MEF_fill_table/tableau_reg[3][22]_i_2_n_1             |                                                                                  |                                                          |               14 |             23 |
|  inst_module_sig/inst_cal_param3/isnt_compteur_compare/E[0]                                 |                                                                                  |                                                          |                6 |             23 |
|  inst_module_sig/inst_cal_param3/isnt_compteur_fill/FSM_onehot_fsm_EtatCourant_reg[0]_16[0] |                                                                                  |                                                          |               20 |             23 |
|  inst_module_sig/inst_cal_param3/isnt_compteur_fill/FSM_onehot_fsm_EtatCourant_reg[0]_1[0]  |                                                                                  |                                                          |               21 |             23 |
|  inst_module_sig/inst_cal_param3/isnt_compteur_fill/FSM_onehot_fsm_EtatCourant_reg[0]_17[0] |                                                                                  |                                                          |               21 |             23 |
|  inst_module_sig/inst_cal_param3/isnt_compteur_fill/E[0]                                    |                                                                                  |                                                          |               18 |             23 |
|  inst_module_sig/inst_cal_param3/isnt_compteur_fill/FSM_onehot_fsm_EtatCourant_reg[0]_0[0]  |                                                                                  |                                                          |               23 |             23 |
|  inst_module_sig/inst_cal_param3/isnt_compteur_fill/FSM_onehot_fsm_EtatCourant_reg[0]_10[0] |                                                                                  |                                                          |               15 |             23 |
|  inst_module_sig/inst_cal_param3/isnt_compteur_fill/FSM_onehot_fsm_EtatCourant_reg[0]_14[0] |                                                                                  |                                                          |               16 |             23 |
|  inst_module_sig/inst_cal_param3/isnt_compteur_fill/FSM_onehot_fsm_EtatCourant_reg[0][0]    |                                                                                  |                                                          |               18 |             23 |
|  inst_module_sig/inst_cal_param3/isnt_compteur_fill/FSM_onehot_fsm_EtatCourant_reg[0]_11[0] |                                                                                  |                                                          |               18 |             23 |
|  inst_module_sig/inst_cal_param3/isnt_compteur_fill/FSM_onehot_fsm_EtatCourant_reg[0]_13[0] |                                                                                  |                                                          |               18 |             23 |
|  inst_module_sig/inst_cal_param3/isnt_compteur_fill/FSM_onehot_fsm_EtatCourant_reg[0]_15[0] |                                                                                  |                                                          |               20 |             23 |
|  inst_module_sig/inst_cal_param3/isnt_compteur_fill/FSM_onehot_fsm_EtatCourant_reg[0]_28[0] |                                                                                  |                                                          |               23 |             23 |
|  inst_module_sig/inst_cal_param3/isnt_compteur_fill/FSM_onehot_fsm_EtatCourant_reg[0]_40[0] |                                                                                  |                                                          |               15 |             23 |
|  inst_module_sig/inst_cal_param3/isnt_compteur_fill/FSM_onehot_fsm_EtatCourant_reg[0]_3[0]  |                                                                                  |                                                          |               19 |             23 |
|  inst_module_sig/inst_cal_param3/isnt_compteur_fill/FSM_onehot_fsm_EtatCourant_reg[0]_5[0]  |                                                                                  |                                                          |               20 |             23 |
|  inst_module_sig/inst_cal_param3/isnt_compteur_fill/FSM_onehot_fsm_EtatCourant_reg[0]_7[0]  |                                                                                  |                                                          |               18 |             23 |
|  inst_module_sig/inst_cal_param3/isnt_compteur_fill/FSM_onehot_fsm_EtatCourant_reg[0]_30[0] |                                                                                  |                                                          |               13 |             23 |
|  inst_module_sig/inst_cal_param3/isnt_compteur_fill/FSM_onehot_fsm_EtatCourant_reg[0]_26[0] |                                                                                  |                                                          |               17 |             23 |
|  inst_module_sig/inst_cal_param3/isnt_compteur_fill/FSM_onehot_fsm_EtatCourant_reg[0]_6[0]  |                                                                                  |                                                          |               18 |             23 |
|  inst_synchro/inst_gen_clk_codec/o_ac_bclk_OBUF                                             | inst_module_sig/inst_decod_i2s/inst_cpt_bits/E[0]                                | i_btn_IBUF[3]                                            |                6 |             24 |
|  inst_synchro/inst_gen_clk_codec/o_ac_bclk_OBUF                                             | inst_module_sig/inst_decod_i2s/inst_cpt_bits/d_val_cpt_reg[5]_0[0]               | i_btn_IBUF[3]                                            |                4 |             24 |
| ~inst_synchro/inst_gen_clk_codec/o_ac_bclk_OBUF                                             | inst_module_sig/inst_cod_i2s/inst_MEF_cod/E[0]                                   | i_btn_IBUF[3]                                            |               10 |             24 |
|  inst_synchro/inst_gen_clk_codec/o_ac_bclk_OBUF                                             | inst_module_sig/inst_decod_i2s/inst_cpt_bits/d_val_cpt_reg[1]_0[0]               | i_btn_IBUF[3]                                            |                9 |             24 |
|  inst_synchro/inst_gen_clk_codec/o_ac_bclk_OBUF                                             |                                                                                  | i_btn_IBUF[3]                                            |                7 |             27 |
|  inst_synchro/inst_synchro/PLLE2_BASE_inst_0                                                |                                                                                  | i_btn_IBUF[3]                                            |               16 |             35 |
|  inst_synchro/inst_gen_clk_codec/o_ac_bclk_OBUF                                             |                                                                                  | inst_module_sig/inst_cal_param3/inst_MEF_fill_table/Q[0] |               15 |             35 |
|  inst_synchro/inst_synchro/PLLE2_BASE_inst_0                                                |                                                                                  |                                                          |               16 |             44 |
|  inst_cal_param3/compare_cpt_reset                                                          |                                                                                  |                                                          |              358 |           1104 |
|  n_0_9_BUFG                                                                                 |                                                                                  |                                                          |              315 |           1104 |
+---------------------------------------------------------------------------------------------+----------------------------------------------------------------------------------+----------------------------------------------------------+------------------+----------------+


